// Jest Snapshot v1, https://goo.gl/fbAQLP

exports[`should render ExpenseList item with a specific expense data 1`] = `
<Link
  className="list-item"
  to="/edit/2"
>
  <div>
    <h3
      className="list-item__title"
    >
      Rent
    </h3>
    <span
      className="list-item__sub-title"
    >
      1969, December 27th
    </span>
  </div>
  <h3
    className="list-item__data"
  >
    $1,095.00
  </h3>
</Link>
`;
